1 2 5
1 2 6
1 3 4
1 3 7
1 4 3
1 4 6
1 5 2
1 5 5
1 6 0
1 6 1
1 6 4
2 6 8
1 7 3
2 7 8
1 8 0
1 8 1
1 8 2
2 8 8
