1 0 4
2 0 5
1 1 4
2 1 5
1 3 0
1 3 1
2 4 0
2 4 1
1 4 2
1 4 3
2 5 0
2 5 2
2 5 3
1 5 4
